/**
 * ----------------------------------------------------------------------------
 * <auto-generated>
 * This is autogenerated code by Embeddinator-4000.
 * Do not edit this file or all your changes will be lost after re-generation.
 * </auto-generated>
 * ----------------------------------------------------------------------------
 */
package hello;

import mono.embeddinator.*;
import com.sun.jna.*;

public interface Native_hello extends com.sun.jna.Library
{
    Native_hello INSTANCE = 
        mono.embeddinator.Runtime.loadLibrary("hello", Native_hello.class);

    public com.sun.jna.Pointer Example_Hello_new();
    public java.lang.String Example_Hello_World(com.sun.jna.Pointer object);
}
