/**
 * ----------------------------------------------------------------------------
 * <auto-generated>
 * This is autogenerated code by Embeddinator-4000.
 * Do not edit this file or all your changes will be lost after re-generation.
 * </auto-generated>
 * ----------------------------------------------------------------------------
 */
package hello.example;

import mono.embeddinator.*;
import com.sun.jna.*;

public class Hello {
    public com.sun.jna.Pointer __object;

    public Hello(com.sun.jna.Pointer object) { this.__object = object; }

    public Hello() {
        __object = hello.Native_hello.INSTANCE.Example_Hello_new();
        mono.embeddinator.Runtime.checkExceptions();
    }

    public java.lang.String world() {
        java.lang.String __ret = hello.Native_hello.INSTANCE.Example_Hello_World(__object);
        mono.embeddinator.Runtime.checkExceptions();
        return __ret;
    }
}
