//------------------------------------------------------------------------------
// <auto-generated>
//     This code was generated by a tool.
//     Runtime Version:4.0.30319.42000
//
//     Changes to this file may cause incorrect behavior and will be lost if
//     the code is regenerated.
// </auto-generated>
//------------------------------------------------------------------------------

[assembly: Android.Runtime.ResourceDesignerAttribute("__embeddinator__.Resource", IsApplication=true)]

namespace @__embeddinator__ {
    using Android.Runtime;
    
    
    [System.CodeDom.Compiler.GeneratedCodeAttribute("Xamarin.Android.Build.Tasks", "1.0.0.0")]
    public class Resource {
        
        private static int ReadFieldInt(System.IntPtr R, string fieldName) {
            System.IntPtr fieldId;
            fieldId = JNIEnv.GetStaticFieldID(R, fieldName, "I");
            return JNIEnv.GetStaticIntField(R, fieldId);
        }
        
        private static int[] ReadFieldArray(System.IntPtr R, string fieldName) {
            System.IntPtr fieldId;
            System.IntPtr value;
            fieldId = JNIEnv.GetStaticFieldID(R, fieldName, "[I");
            value = JNIEnv.GetStaticObjectField(R, fieldId);
            return JNIEnv.GetArray<int>(value);
        }
        
        public static void UpdateIdValues() {
            System.IntPtr R;
            R = JNIEnv.FindClass("com.mono.embeddinator.R$attr");
            managedandroid.Resource.Attribute.hello = ReadFieldInt(R, "hello");
            R = JNIEnv.FindClass("com.mono.embeddinator.R$id");
            managedandroid.Resource.Id.text = ReadFieldInt(R, "text");
            R = JNIEnv.FindClass("com.mono.embeddinator.R$layout");
            managedandroid.Resource.Layout.hello = ReadFieldInt(R, "hello");
            R = JNIEnv.FindClass("com.mono.embeddinator.R$styleable");
            managedandroid.Resource.Styleable.THIS_IS_CAPS = ReadFieldArray(R, "THIS_IS_CAPS");
            managedandroid.Resource.Styleable.THIS_IS_CAPS_THIS_IS_CAPS = ReadFieldInt(R, "THIS_IS_CAPS_THIS_IS_CAPS");
            managedandroid.Resource.Styleable.THIS_IS_CAPS_camelCase = ReadFieldInt(R, "THIS_IS_CAPS_camelCase");
            managedandroid.Resource.Styleable.Theme = ReadFieldArray(R, "Theme");
            managedandroid.Resource.Styleable.Theme_hello = ReadFieldInt(R, "Theme_hello");
        }
    }
}
